// Jest Snapshot v1, https://goo.gl/fbAQLP

exports[`Testing PauseMessage Header have render correctly 1`] = `
<div
  className="sc-bdnxRM fQhPCj"
>
  <h3>
    PAUSED
  </h3>
  <span>
    Ни на что не влияет. Для демонтрации
  </span>
</div>
`;
